Updated: Thu Sep 24 11:01:35 UTC 2026 - Commit 1
Updated: Thu Sep 24 11:01:35 UTC 2026 - Commit 2
Updated: Thu Sep 24 11:01:35 UTC 2026 - Commit 3
Updated: Thu Sep 24 11:01:35 UTC 2026 - Commit 4
Updated: Thu Sep 24 11:01:35 UTC 2026 - Commit 5
Updated: Thu Sep 24 11:01:35 UTC 2026 - Commit 6
Updated: Thu Sep 24 11:01:35 UTC 2026 - Commit 7
Updated: Thu Sep 24 11:01:35 UTC 2026 - Commit 8
Updated: Thu Sep 24 11:01:35 UTC 2026 - Commit 9
Updated: Thu Sep 24 11:01:35 UTC 2026 - Commit 10
Updated: Thu Sep 24 11:01:35 UTC 2026 - Commit 11
Updated: Thu Sep 24 11:01:35 UTC 2026 - Commit 12
Updated: Thu Sep 24 11:01:35 UTC 2026 - Commit 13
Updated: Thu Sep 24 11:01:35 UTC 2026 - Commit 14
Updated: Thu Sep 24 11:01:35 UTC 2026 - Commit 15
Updated: Thu Sep 24 11:01:35 UTC 2026 - Commit 16
Updated: Thu Sep 24 11:01:35 UTC 2026 - Commit 17
Updated: Thu Sep 24 11:01:35 UTC 2026 - Commit 18
Updated: Thu Sep 24 11:01:35 UTC 2026 - Commit 19
Updated: Thu Sep 24 11:01:35 UTC 2026 - Commit 20
Updated: Thu Sep 24 11:01:35 UTC 2026 - Commit 21
Updated: Thu Sep 24 11:01:35 UTC 2026 - Commit 22
Updated: Thu Sep 24 11:01:35 UTC 2026 - Commit 23
Updated: Thu Sep 24 11:01:35 UTC 2026 - Commit 24
Updated: Thu Sep 24 11:01:35 UTC 2026 - Commit 25
Updated: Thu Sep 24 11:01:35 UTC 2026 - Commit 26
Updated: Thu Sep 24 11:01:35 UTC 2026 - Commit 27
Updated: Thu Sep 24 11:01:35 UTC 2026 - Commit 28
Updated: Thu Sep 24 11:01:35 UTC 2026 - Commit 29
Updated: Thu Sep 24 11:01:35 UTC 2026 - Commit 30
Updated: Thu Sep 24 11:01:35 UTC 2026 - Commit 31
Updated: Thu Sep 24 11:01:35 UTC 2026 - Commit 32
Updated: Thu Sep 24 11:01:35 UTC 2026 - Commit 33
Updated: Thu Sep 24 11:01:35 UTC 2026 - Commit 34
Updated: Thu Sep 24 11:01:35 UTC 2026 - Commit 35
Updated: Thu Sep 24 11:01:35 UTC 2026 - Commit 36
Updated: Thu Sep 24 11:01:35 UTC 2026 - Commit 37
Updated: Thu Sep 24 11:01:35 UTC 2026 - Commit 38
Updated: Thu Sep 24 11:01:35 UTC 2026 - Commit 39
Updated: Thu Sep 24 11:01:35 UTC 2026 - Commit 40
Updated: Thu Sep 24 11:01:35 UTC 2026 - Commit 41
Updated: Thu Sep 24 11:01:35 UTC 2026 - Commit 42
Updated: Thu Sep 24 11:01:35 UTC 2026 - Commit 43
Updated: Thu Sep 24 11:01:35 UTC 2026 - Commit 44
Updated: Thu Sep 24 11:01:35 UTC 2026 - Commit 45
Updated: Thu Sep 24 11:01:35 UTC 2026 - Commit 46
Updated: Thu Sep 24 11:01:35 UTC 2026 - Commit 47
Updated: Thu Sep 24 11:01:35 UTC 2026 - Commit 48
Updated: Thu Sep 24 11:01:35 UTC 2026 - Commit 49
Updated: Thu Sep 24 11:01:35 UTC 2026 - Commit 50
Updated: Thu Sep 24 11:17:38 UTC 2026 - Commit 1
Updated: Thu Sep 24 11:17:38 UTC 2026 - Commit 2
Updated: Thu Sep 24 11:17:38 UTC 2026 - Commit 3
Updated: Thu Sep 24 11:17:38 UTC 2026 - Commit 4
Updated: Thu Sep 24 11:17:38 UTC 2026 - Commit 5
Updated: Thu Sep 24 11:17:38 UTC 2026 - Commit 6
Updated: Thu Sep 24 11:17:38 UTC 2026 - Commit 7
Updated: Thu Sep 24 11:17:38 UTC 2026 - Commit 8
Updated: Thu Sep 24 11:17:38 UTC 2026 - Commit 9
Updated: Thu Sep 24 11:17:38 UTC 2026 - Commit 10
Updated: Thu Sep 24 11:17:38 UTC 2026 - Commit 11
Updated: Thu Sep 24 11:17:38 UTC 2026 - Commit 12
Updated: Thu Sep 24 11:17:38 UTC 2026 - Commit 13
Updated: Thu Sep 24 11:17:38 UTC 2026 - Commit 14
Updated: Thu Sep 24 11:17:38 UTC 2026 - Commit 15
Updated: Thu Sep 24 11:17:38 UTC 2026 - Commit 16
Updated: Thu Sep 24 11:17:38 UTC 2026 - Commit 17
Updated: Thu Sep 24 11:17:38 UTC 2026 - Commit 18
Updated: Thu Sep 24 11:17:38 UTC 2026 - Commit 19
Updated: Thu Sep 24 11:17:38 UTC 2026 - Commit 20
Updated: Thu Sep 24 11:17:38 UTC 2026 - Commit 21
Updated: Thu Sep 24 11:17:38 UTC 2026 - Commit 22
Updated: Thu Sep 24 11:17:38 UTC 2026 - Commit 23
Updated: Thu Sep 24 11:17:38 UTC 2026 - Commit 24
Updated: Thu Sep 24 11:17:38 UTC 2026 - Commit 25
Updated: Thu Sep 24 11:17:38 UTC 2026 - Commit 26
Updated: Thu Sep 24 11:17:38 UTC 2026 - Commit 27
Updated: Thu Sep 24 11:17:38 UTC 2026 - Commit 28
Updated: Thu Sep 24 11:17:38 UTC 2026 - Commit 29
Updated: Thu Sep 24 11:17:38 UTC 2026 - Commit 30
Updated: Thu Sep 24 11:17:38 UTC 2026 - Commit 31
Updated: Thu Sep 24 11:17:38 UTC 2026 - Commit 32
Updated: Thu Sep 24 11:17:38 UTC 2026 - Commit 33
Updated: Thu Sep 24 11:17:38 UTC 2026 - Commit 34
Updated: Thu Sep 24 11:17:38 UTC 2026 - Commit 35
Updated: Thu Sep 24 11:17:38 UTC 2026 - Commit 36
Updated: Thu Sep 24 11:17:38 UTC 2026 - Commit 37
Updated: Thu Sep 24 11:17:38 UTC 2026 - Commit 38
Updated: Thu Sep 24 11:17:39 UTC 2026 - Commit 39
Updated: Thu Sep 24 11:17:39 UTC 2026 - Commit 40
Updated: Thu Sep 24 11:17:39 UTC 2026 - Commit 41
Updated: Thu Sep 24 11:17:39 UTC 2026 - Commit 42
Updated: Thu Sep 24 11:17:39 UTC 2026 - Commit 43
Updated: Thu Sep 24 11:17:39 UTC 2026 - Commit 44
Updated: Thu Sep 24 11:17:39 UTC 2026 - Commit 45
Updated: Thu Sep 24 11:17:39 UTC 2026 - Commit 46
Updated: Thu Sep 24 11:17:39 UTC 2026 - Commit 47
Updated: Thu Sep 24 11:17:39 UTC 2026 - Commit 48
Updated: Thu Sep 24 11:17:39 UTC 2026 - Commit 49
Updated: Thu Sep 24 11:17:39 UTC 2026 - Commit 50
Updated: Fri Sep 25 07:09:16 UTC 2026 - Commit 1
Updated: Fri Sep 25 07:09:16 UTC 2026 - Commit 2
Updated: Fri Sep 25 07:09:16 UTC 2026 - Commit 3
Updated: Fri Sep 25 07:09:16 UTC 2026 - Commit 4
Updated: Fri Sep 25 07:09:16 UTC 2026 - Commit 5
Updated: Fri Sep 25 07:09:16 UTC 2026 - Commit 6
Updated: Fri Sep 25 07:09:16 UTC 2026 - Commit 7
Updated: Fri Sep 25 07:09:16 UTC 2026 - Commit 8
Updated: Fri Sep 25 07:09:16 UTC 2026 - Commit 9
Updated: Fri Sep 25 07:09:16 UTC 2026 - Commit 10
Updated: Fri Sep 25 07:09:16 UTC 2026 - Commit 11
Updated: Fri Sep 25 07:09:16 UTC 2026 - Commit 12
Updated: Fri Sep 25 07:09:16 UTC 2026 - Commit 13
Updated: Fri Sep 25 07:09:16 UTC 2026 - Commit 14
Updated: Fri Sep 25 07:09:16 UTC 2026 - Commit 15
Updated: Fri Sep 25 07:09:16 UTC 2026 - Commit 16
Updated: Fri Sep 25 07:09:16 UTC 2026 - Commit 17
Updated: Fri Sep 25 07:09:16 UTC 2026 - Commit 18
Updated: Fri Sep 25 07:09:16 UTC 2026 - Commit 19
Updated: Fri Sep 25 07:09:16 UTC 2026 - Commit 20
Updated: Fri Sep 25 07:09:16 UTC 2026 - Commit 21
Updated: Fri Sep 25 07:09:16 UTC 2026 - Commit 22
Updated: Fri Sep 25 07:09:16 UTC 2026 - Commit 23
Updated: Fri Sep 25 07:09:16 UTC 2026 - Commit 24
Updated: Fri Sep 25 07:09:16 UTC 2026 - Commit 25
Updated: Fri Sep 25 07:09:17 UTC 2026 - Commit 26
Updated: Fri Sep 25 07:09:17 UTC 2026 - Commit 27
Updated: Fri Sep 25 07:09:17 UTC 2026 - Commit 28
Updated: Fri Sep 25 07:09:17 UTC 2026 - Commit 29
Updated: Fri Sep 25 07:09:17 UTC 2026 - Commit 30
Updated: Fri Sep 25 07:09:17 UTC 2026 - Commit 31
Updated: Fri Sep 25 07:09:17 UTC 2026 - Commit 32
Updated: Fri Sep 25 07:09:17 UTC 2026 - Commit 33
Updated: Fri Sep 25 07:09:17 UTC 2026 - Commit 34
Updated: Fri Sep 25 07:09:17 UTC 2026 - Commit 35
Updated: Fri Sep 25 07:09:17 UTC 2026 - Commit 36
Updated: Fri Sep 25 07:09:17 UTC 2026 - Commit 37
Updated: Fri Sep 25 07:09:17 UTC 2026 - Commit 38
Updated: Fri Sep 25 07:09:17 UTC 2026 - Commit 39
Updated: Fri Sep 25 07:09:17 UTC 2026 - Commit 40
Updated: Fri Sep 25 07:09:17 UTC 2026 - Commit 41
Updated: Fri Sep 25 07:09:17 UTC 2026 - Commit 42
Updated: Fri Sep 25 07:09:17 UTC 2026 - Commit 43
Updated: Fri Sep 25 07:09:17 UTC 2026 - Commit 44
Updated: Fri Sep 25 07:09:17 UTC 2026 - Commit 45
Updated: Fri Sep 25 07:09:17 UTC 2026 - Commit 46
Updated: Fri Sep 25 07:09:17 UTC 2026 - Commit 47
Updated: Fri Sep 25 07:09:17 UTC 2026 - Commit 48
Updated: Fri Sep 25 07:09:17 UTC 2026 - Commit 49
Updated: Fri Sep 25 07:09:17 UTC 2026 - Commit 50
Updated: Sat Sep 26 07:06:04 UTC 2026 - Commit 1
Updated: Sat Sep 26 07:06:04 UTC 2026 - Commit 2
Updated: Sat Sep 26 07:06:04 UTC 2026 - Commit 3
Updated: Sat Sep 26 07:06:04 UTC 2026 - Commit 4
Updated: Sat Sep 26 07:06:04 UTC 2026 - Commit 5
Updated: Sat Sep 26 07:06:04 UTC 2026 - Commit 6
Updated: Sat Sep 26 07:06:04 UTC 2026 - Commit 7
Updated: Sat Sep 26 07:06:04 UTC 2026 - Commit 8
Updated: Sat Sep 26 07:06:04 UTC 2026 - Commit 9
Updated: Sat Sep 26 07:06:04 UTC 2026 - Commit 10
Updated: Sat Sep 26 07:06:04 UTC 2026 - Commit 11
Updated: Sat Sep 26 07:06:04 UTC 2026 - Commit 12
Updated: Sat Sep 26 07:06:04 UTC 2026 - Commit 13
Updated: Sat Sep 26 07:06:04 UTC 2026 - Commit 14
Updated: Sat Sep 26 07:06:04 UTC 2026 - Commit 15
Updated: Sat Sep 26 07:06:04 UTC 2026 - Commit 16
Updated: Sat Sep 26 07:06:04 UTC 2026 - Commit 17
Updated: Sat Sep 26 07:06:04 UTC 2026 - Commit 18
Updated: Sat Sep 26 07:06:04 UTC 2026 - Commit 19
Updated: Sat Sep 26 07:06:04 UTC 2026 - Commit 20
Updated: Sat Sep 26 07:06:04 UTC 2026 - Commit 21
Updated: Sat Sep 26 07:06:04 UTC 2026 - Commit 22
Updated: Sat Sep 26 07:06:04 UTC 2026 - Commit 23
Updated: Sat Sep 26 07:06:04 UTC 2026 - Commit 24
Updated: Sat Sep 26 07:06:04 UTC 2026 - Commit 25
Updated: Sat Sep 26 07:06:04 UTC 2026 - Commit 26
Updated: Sat Sep 26 07:06:04 UTC 2026 - Commit 27
Updated: Sat Sep 26 07:06:04 UTC 2026 - Commit 28
Updated: Sat Sep 26 07:06:04 UTC 2026 - Commit 29
Updated: Sat Sep 26 07:06:04 UTC 2026 - Commit 30
Updated: Sat Sep 26 07:06:04 UTC 2026 - Commit 31
Updated: Sat Sep 26 07:06:04 UTC 2026 - Commit 32
Updated: Sat Sep 26 07:06:04 UTC 2026 - Commit 33
Updated: Sat Sep 26 07:06:04 UTC 2026 - Commit 34
Updated: Sat Sep 26 07:06:04 UTC 2026 - Commit 35
Updated: Sat Sep 26 07:06:04 UTC 2026 - Commit 36
Updated: Sat Sep 26 07:06:04 UTC 2026 - Commit 37
Updated: Sat Sep 26 07:06:04 UTC 2026 - Commit 38
Updated: Sat Sep 26 07:06:04 UTC 2026 - Commit 39
Updated: Sat Sep 26 07:06:04 UTC 2026 - Commit 40
Updated: Sat Sep 26 07:06:04 UTC 2026 - Commit 41
Updated: Sat Sep 26 07:06:04 UTC 2026 - Commit 42
Updated: Sat Sep 26 07:06:04 UTC 2026 - Commit 43
Updated: Sat Sep 26 07:06:04 UTC 2026 - Commit 44
Updated: Sat Sep 26 07:06:04 UTC 2026 - Commit 45
Updated: Sat Sep 26 07:06:04 UTC 2026 - Commit 46
Updated: Sat Sep 26 07:06:04 UTC 2026 - Commit 47
Updated: Sat Sep 26 07:06:04 UTC 2026 - Commit 48
Updated: Sat Sep 26 07:06:04 UTC 2026 - Commit 49
Updated: Sat Sep 26 07:06:04 UTC 2026 - Commit 50
Updated: Sun Sep 27 07:37:46 UTC 2026 - Commit 1
Updated: Sun Sep 27 07:37:46 UTC 2026 - Commit 2
Updated: Sun Sep 27 07:37:46 UTC 2026 - Commit 3
Updated: Sun Sep 27 07:37:46 UTC 2026 - Commit 4
Updated: Sun Sep 27 07:37:46 UTC 2026 - Commit 5
Updated: Sun Sep 27 07:37:46 UTC 2026 - Commit 6
Updated: Sun Sep 27 07:37:46 UTC 2026 - Commit 7
Updated: Sun Sep 27 07:37:46 UTC 2026 - Commit 8
Updated: Sun Sep 27 07:37:46 UTC 2026 - Commit 9
Updated: Sun Sep 27 07:37:46 UTC 2026 - Commit 10
Updated: Sun Sep 27 07:37:46 UTC 2026 - Commit 11
Updated: Sun Sep 27 07:37:46 UTC 2026 - Commit 12
Updated: Sun Sep 27 07:37:46 UTC 2026 - Commit 13
Updated: Sun Sep 27 07:37:46 UTC 2026 - Commit 14
Updated: Sun Sep 27 07:37:46 UTC 2026 - Commit 15
Updated: Sun Sep 27 07:37:46 UTC 2026 - Commit 16
Updated: Sun Sep 27 07:37:46 UTC 2026 - Commit 17
Updated: Sun Sep 27 07:37:46 UTC 2026 - Commit 18
Updated: Sun Sep 27 07:37:46 UTC 2026 - Commit 19
Updated: Sun Sep 27 07:37:46 UTC 2026 - Commit 20
Updated: Sun Sep 27 07:37:46 UTC 2026 - Commit 21
Updated: Sun Sep 27 07:37:46 UTC 2026 - Commit 22
Updated: Sun Sep 27 07:37:46 UTC 2026 - Commit 23
Updated: Sun Sep 27 07:37:46 UTC 2026 - Commit 24
Updated: Sun Sep 27 07:37:46 UTC 2026 - Commit 25
Updated: Sun Sep 27 07:37:46 UTC 2026 - Commit 26
Updated: Sun Sep 27 07:37:46 UTC 2026 - Commit 27
Updated: Sun Sep 27 07:37:46 UTC 2026 - Commit 28
Updated: Sun Sep 27 07:37:46 UTC 2026 - Commit 29
Updated: Sun Sep 27 07:37:46 UTC 2026 - Commit 30
Updated: Sun Sep 27 07:37:46 UTC 2026 - Commit 31
Updated: Sun Sep 27 07:37:46 UTC 2026 - Commit 32
Updated: Sun Sep 27 07:37:46 UTC 2026 - Commit 33
Updated: Sun Sep 27 07:37:46 UTC 2026 - Commit 34
Updated: Sun Sep 27 07:37:46 UTC 2026 - Commit 35
Updated: Sun Sep 27 07:37:46 UTC 2026 - Commit 36
Updated: Sun Sep 27 07:37:46 UTC 2026 - Commit 37
Updated: Sun Sep 27 07:37:46 UTC 2026 - Commit 38
Updated: Sun Sep 27 07:37:46 UTC 2026 - Commit 39
Updated: Sun Sep 27 07:37:46 UTC 2026 - Commit 40
Updated: Sun Sep 27 07:37:46 UTC 2026 - Commit 41
Updated: Sun Sep 27 07:37:46 UTC 2026 - Commit 42
Updated: Sun Sep 27 07:37:46 UTC 2026 - Commit 43
Updated: Sun Sep 27 07:37:46 UTC 2026 - Commit 44
Updated: Sun Sep 27 07:37:46 UTC 2026 - Commit 45
Updated: Sun Sep 27 07:37:46 UTC 2026 - Commit 46
Updated: Sun Sep 27 07:37:46 UTC 2026 - Commit 47
Updated: Sun Sep 27 07:37:46 UTC 2026 - Commit 48
Updated: Sun Sep 27 07:37:46 UTC 2026 - Commit 49
Updated: Sun Sep 27 07:37:46 UTC 2026 - Commit 50
Updated: Mon Sep 28 08:15:53 UTC 2026 - Commit 1
Updated: Mon Sep 28 08:15:53 UTC 2026 - Commit 2
Updated: Mon Sep 28 08:15:54 UTC 2026 - Commit 3
Updated: Mon Sep 28 08:15:54 UTC 2026 - Commit 4
Updated: Mon Sep 28 08:15:54 UTC 2026 - Commit 5
Updated: Mon Sep 28 08:15:54 UTC 2026 - Commit 6
Updated: Mon Sep 28 08:15:54 UTC 2026 - Commit 7
Updated: Mon Sep 28 08:15:54 UTC 2026 - Commit 8
Updated: Mon Sep 28 08:15:54 UTC 2026 - Commit 9
Updated: Mon Sep 28 08:15:54 UTC 2026 - Commit 10
Updated: Mon Sep 28 08:15:54 UTC 2026 - Commit 11
Updated: Mon Sep 28 08:15:54 UTC 2026 - Commit 12
Updated: Mon Sep 28 08:15:54 UTC 2026 - Commit 13
Updated: Mon Sep 28 08:15:54 UTC 2026 - Commit 14
Updated: Mon Sep 28 08:15:54 UTC 2026 - Commit 15
Updated: Mon Sep 28 08:15:54 UTC 2026 - Commit 16
Updated: Mon Sep 28 08:15:54 UTC 2026 - Commit 17
Updated: Mon Sep 28 08:15:54 UTC 2026 - Commit 18
Updated: Mon Sep 28 08:15:54 UTC 2026 - Commit 19
Updated: Mon Sep 28 08:15:54 UTC 2026 - Commit 20
Updated: Mon Sep 28 08:15:54 UTC 2026 - Commit 21
Updated: Mon Sep 28 08:15:54 UTC 2026 - Commit 22
Updated: Mon Sep 28 08:15:54 UTC 2026 - Commit 23
Updated: Mon Sep 28 08:15:54 UTC 2026 - Commit 24
Updated: Mon Sep 28 08:15:54 UTC 2026 - Commit 25
Updated: Mon Sep 28 08:15:54 UTC 2026 - Commit 26
Updated: Mon Sep 28 08:15:54 UTC 2026 - Commit 27
Updated: Mon Sep 28 08:15:54 UTC 2026 - Commit 28
Updated: Mon Sep 28 08:15:54 UTC 2026 - Commit 29
Updated: Mon Sep 28 08:15:55 UTC 2026 - Commit 30
Updated: Mon Sep 28 08:15:55 UTC 2026 - Commit 31
Updated: Mon Sep 28 08:15:55 UTC 2026 - Commit 32
Updated: Mon Sep 28 08:15:55 UTC 2026 - Commit 33
Updated: Mon Sep 28 08:15:55 UTC 2026 - Commit 34
Updated: Mon Sep 28 08:15:55 UTC 2026 - Commit 35
Updated: Mon Sep 28 08:15:55 UTC 2026 - Commit 36
Updated: Mon Sep 28 08:15:55 UTC 2026 - Commit 37
Updated: Mon Sep 28 08:15:55 UTC 2026 - Commit 38
Updated: Mon Sep 28 08:15:55 UTC 2026 - Commit 39
Updated: Mon Sep 28 08:15:55 UTC 2026 - Commit 40
Updated: Mon Sep 28 08:15:55 UTC 2026 - Commit 41
Updated: Mon Sep 28 08:15:55 UTC 2026 - Commit 42
Updated: Mon Sep 28 08:15:55 UTC 2026 - Commit 43
Updated: Mon Sep 28 08:15:55 UTC 2026 - Commit 44
Updated: Mon Sep 28 08:15:55 UTC 2026 - Commit 45
Updated: Mon Sep 28 08:15:55 UTC 2026 - Commit 46
Updated: Mon Sep 28 08:15:55 UTC 2026 - Commit 47
Updated: Mon Sep 28 08:15:55 UTC 2026 - Commit 48
Updated: Mon Sep 28 08:15:55 UTC 2026 - Commit 49
Updated: Mon Sep 28 08:15:55 UTC 2026 - Commit 50
Updated: Tue Sep 29 07:54:58 UTC 2026 - Commit 1
Updated: Tue Sep 29 07:54:58 UTC 2026 - Commit 2
Updated: Tue Sep 29 07:54:58 UTC 2026 - Commit 3
Updated: Tue Sep 29 07:54:58 UTC 2026 - Commit 4
Updated: Tue Sep 29 07:54:58 UTC 2026 - Commit 5
Updated: Tue Sep 29 07:54:58 UTC 2026 - Commit 6
Updated: Tue Sep 29 07:54:58 UTC 2026 - Commit 7
Updated: Tue Sep 29 07:54:58 UTC 2026 - Commit 8
Updated: Tue Sep 29 07:54:58 UTC 2026 - Commit 9
Updated: Tue Sep 29 07:54:58 UTC 2026 - Commit 10
Updated: Tue Sep 29 07:54:58 UTC 2026 - Commit 11
Updated: Tue Sep 29 07:54:58 UTC 2026 - Commit 12
Updated: Tue Sep 29 07:54:58 UTC 2026 - Commit 13
Updated: Tue Sep 29 07:54:58 UTC 2026 - Commit 14
Updated: Tue Sep 29 07:54:58 UTC 2026 - Commit 15
Updated: Tue Sep 29 07:54:58 UTC 2026 - Commit 16
Updated: Tue Sep 29 07:54:58 UTC 2026 - Commit 17
Updated: Tue Sep 29 07:54:58 UTC 2026 - Commit 18
Updated: Tue Sep 29 07:54:58 UTC 2026 - Commit 19
Updated: Tue Sep 29 07:54:58 UTC 2026 - Commit 20
Updated: Tue Sep 29 07:54:58 UTC 2026 - Commit 21
Updated: Tue Sep 29 07:54:58 UTC 2026 - Commit 22
Updated: Tue Sep 29 07:54:58 UTC 2026 - Commit 23
Updated: Tue Sep 29 07:54:58 UTC 2026 - Commit 24
Updated: Tue Sep 29 07:54:58 UTC 2026 - Commit 25
Updated: Tue Sep 29 07:54:58 UTC 2026 - Commit 26
Updated: Tue Sep 29 07:54:58 UTC 2026 - Commit 27
Updated: Tue Sep 29 07:54:58 UTC 2026 - Commit 28
Updated: Tue Sep 29 07:54:58 UTC 2026 - Commit 29
Updated: Tue Sep 29 07:54:58 UTC 2026 - Commit 30
Updated: Tue Sep 29 07:54:58 UTC 2026 - Commit 31
Updated: Tue Sep 29 07:54:58 UTC 2026 - Commit 32
Updated: Tue Sep 29 07:54:58 UTC 2026 - Commit 33
Updated: Tue Sep 29 07:54:58 UTC 2026 - Commit 34
Updated: Tue Sep 29 07:54:58 UTC 2026 - Commit 35
Updated: Tue Sep 29 07:54:58 UTC 2026 - Commit 36
Updated: Tue Sep 29 07:54:58 UTC 2026 - Commit 37
Updated: Tue Sep 29 07:54:58 UTC 2026 - Commit 38
Updated: Tue Sep 29 07:54:58 UTC 2026 - Commit 39
Updated: Tue Sep 29 07:54:58 UTC 2026 - Commit 40
Updated: Tue Sep 29 07:54:58 UTC 2026 - Commit 41
Updated: Tue Sep 29 07:54:58 UTC 2026 - Commit 42
Updated: Tue Sep 29 07:54:58 UTC 2026 - Commit 43
Updated: Tue Sep 29 07:54:58 UTC 2026 - Commit 44
Updated: Tue Sep 29 07:54:58 UTC 2026 - Commit 45
Updated: Tue Sep 29 07:54:58 UTC 2026 - Commit 46
Updated: Tue Sep 29 07:54:58 UTC 2026 - Commit 47
Updated: Tue Sep 29 07:54:58 UTC 2026 - Commit 48
Updated: Tue Sep 29 07:54:58 UTC 2026 - Commit 49
Updated: Tue Sep 29 07:54:58 UTC 2026 - Commit 50
Updated: Wed Sep 30 08:02:48 UTC 2026 - Commit 1
Updated: Wed Sep 30 08:02:48 UTC 2026 - Commit 2
Updated: Wed Sep 30 08:02:48 UTC 2026 - Commit 3
Updated: Wed Sep 30 08:02:48 UTC 2026 - Commit 4
Updated: Wed Sep 30 08:02:48 UTC 2026 - Commit 5
Updated: Wed Sep 30 08:02:48 UTC 2026 - Commit 6
Updated: Wed Sep 30 08:02:48 UTC 2026 - Commit 7
Updated: Wed Sep 30 08:02:48 UTC 2026 - Commit 8
Updated: Wed Sep 30 08:02:48 UTC 2026 - Commit 9
Updated: Wed Sep 30 08:02:48 UTC 2026 - Commit 10
Updated: Wed Sep 30 08:02:48 UTC 2026 - Commit 11
Updated: Wed Sep 30 08:02:48 UTC 2026 - Commit 12
Updated: Wed Sep 30 08:02:48 UTC 2026 - Commit 13
Updated: Wed Sep 30 08:02:48 UTC 2026 - Commit 14
Updated: Wed Sep 30 08:02:48 UTC 2026 - Commit 15
Updated: Wed Sep 30 08:02:48 UTC 2026 - Commit 16
Updated: Wed Sep 30 08:02:48 UTC 2026 - Commit 17
Updated: Wed Sep 30 08:02:48 UTC 2026 - Commit 18
Updated: Wed Sep 30 08:02:48 UTC 2026 - Commit 19
Updated: Wed Sep 30 08:02:48 UTC 2026 - Commit 20
Updated: Wed Sep 30 08:02:48 UTC 2026 - Commit 21
Updated: Wed Sep 30 08:02:48 UTC 2026 - Commit 22
Updated: Wed Sep 30 08:02:48 UTC 2026 - Commit 23
Updated: Wed Sep 30 08:02:48 UTC 2026 - Commit 24
Updated: Wed Sep 30 08:02:48 UTC 2026 - Commit 25
Updated: Wed Sep 30 08:02:48 UTC 2026 - Commit 26
Updated: Wed Sep 30 08:02:48 UTC 2026 - Commit 27
Updated: Wed Sep 30 08:02:49 UTC 2026 - Commit 28
Updated: Wed Sep 30 08:02:49 UTC 2026 - Commit 29
Updated: Wed Sep 30 08:02:49 UTC 2026 - Commit 30
Updated: Wed Sep 30 08:02:49 UTC 2026 - Commit 31
Updated: Wed Sep 30 08:02:49 UTC 2026 - Commit 32
Updated: Wed Sep 30 08:02:49 UTC 2026 - Commit 33
Updated: Wed Sep 30 08:02:49 UTC 2026 - Commit 34
Updated: Wed Sep 30 08:02:49 UTC 2026 - Commit 35
Updated: Wed Sep 30 08:02:49 UTC 2026 - Commit 36
Updated: Wed Sep 30 08:02:49 UTC 2026 - Commit 37
Updated: Wed Sep 30 08:02:49 UTC 2026 - Commit 38
Updated: Wed Sep 30 08:02:49 UTC 2026 - Commit 39
Updated: Wed Sep 30 08:02:49 UTC 2026 - Commit 40
Updated: Wed Sep 30 08:02:49 UTC 2026 - Commit 41
Updated: Wed Sep 30 08:02:49 UTC 2026 - Commit 42
Updated: Wed Sep 30 08:02:49 UTC 2026 - Commit 43
Updated: Wed Sep 30 08:02:49 UTC 2026 - Commit 44
Updated: Wed Sep 30 08:02:49 UTC 2026 - Commit 45
Updated: Wed Sep 30 08:02:49 UTC 2026 - Commit 46
Updated: Wed Sep 30 08:02:49 UTC 2026 - Commit 47
Updated: Wed Sep 30 08:02:49 UTC 2026 - Commit 48
Updated: Wed Sep 30 08:02:49 UTC 2026 - Commit 49
Updated: Wed Sep 30 08:02:49 UTC 2026 - Commit 50
Updated: Thu Oct  1 08:21:20 UTC 2026 - Commit 1
Updated: Thu Oct  1 08:21:20 UTC 2026 - Commit 2
Updated: Thu Oct  1 08:21:20 UTC 2026 - Commit 3
Updated: Thu Oct  1 08:21:20 UTC 2026 - Commit 4
Updated: Thu Oct  1 08:21:20 UTC 2026 - Commit 5
Updated: Thu Oct  1 08:21:20 UTC 2026 - Commit 6
Updated: Thu Oct  1 08:21:20 UTC 2026 - Commit 7
Updated: Thu Oct  1 08:21:20 UTC 2026 - Commit 8
Updated: Thu Oct  1 08:21:20 UTC 2026 - Commit 9
Updated: Thu Oct  1 08:21:20 UTC 2026 - Commit 10
Updated: Thu Oct  1 08:21:20 UTC 2026 - Commit 11
Updated: Thu Oct  1 08:21:20 UTC 2026 - Commit 12
Updated: Thu Oct  1 08:21:20 UTC 2026 - Commit 13
Updated: Thu Oct  1 08:21:20 UTC 2026 - Commit 14
Updated: Thu Oct  1 08:21:20 UTC 2026 - Commit 15
Updated: Thu Oct  1 08:21:20 UTC 2026 - Commit 16
Updated: Thu Oct  1 08:21:20 UTC 2026 - Commit 17
Updated: Thu Oct  1 08:21:20 UTC 2026 - Commit 18
Updated: Thu Oct  1 08:21:20 UTC 2026 - Commit 19
Updated: Thu Oct  1 08:21:20 UTC 2026 - Commit 20
Updated: Thu Oct  1 08:21:20 UTC 2026 - Commit 21
Updated: Thu Oct  1 08:21:20 UTC 2026 - Commit 22
Updated: Thu Oct  1 08:21:20 UTC 2026 - Commit 23
Updated: Thu Oct  1 08:21:20 UTC 2026 - Commit 24
Updated: Thu Oct  1 08:21:20 UTC 2026 - Commit 25
Updated: Thu Oct  1 08:21:20 UTC 2026 - Commit 26
Updated: Thu Oct  1 08:21:20 UTC 2026 - Commit 27
Updated: Thu Oct  1 08:21:20 UTC 2026 - Commit 28
Updated: Thu Oct  1 08:21:20 UTC 2026 - Commit 29
Updated: Thu Oct  1 08:21:20 UTC 2026 - Commit 30
Updated: Thu Oct  1 08:21:20 UTC 2026 - Commit 31
Updated: Thu Oct  1 08:21:20 UTC 2026 - Commit 32
Updated: Thu Oct  1 08:21:20 UTC 2026 - Commit 33
Updated: Thu Oct  1 08:21:20 UTC 2026 - Commit 34
Updated: Thu Oct  1 08:21:20 UTC 2026 - Commit 35
Updated: Thu Oct  1 08:21:20 UTC 2026 - Commit 36
Updated: Thu Oct  1 08:21:20 UTC 2026 - Commit 37
Updated: Thu Oct  1 08:21:20 UTC 2026 - Commit 38
Updated: Thu Oct  1 08:21:20 UTC 2026 - Commit 39
Updated: Thu Oct  1 08:21:20 UTC 2026 - Commit 40
Updated: Thu Oct  1 08:21:20 UTC 2026 - Commit 41
Updated: Thu Oct  1 08:21:20 UTC 2026 - Commit 42
Updated: Thu Oct  1 08:21:20 UTC 2026 - Commit 43
Updated: Thu Oct  1 08:21:20 UTC 2026 - Commit 44
Updated: Thu Oct  1 08:21:20 UTC 2026 - Commit 45
Updated: Thu Oct  1 08:21:20 UTC 2026 - Commit 46
Updated: Thu Oct  1 08:21:20 UTC 2026 - Commit 47
Updated: Thu Oct  1 08:21:20 UTC 2026 - Commit 48
Updated: Thu Oct  1 08:21:20 UTC 2026 - Commit 49
Updated: Thu Oct  1 08:21:20 UTC 2026 - Commit 50
Updated: Fri Oct  2 07:58:02 UTC 2026 - Commit 1
Updated: Fri Oct  2 07:58:02 UTC 2026 - Commit 2
Updated: Fri Oct  2 07:58:02 UTC 2026 - Commit 3
Updated: Fri Oct  2 07:58:02 UTC 2026 - Commit 4
Updated: Fri Oct  2 07:58:02 UTC 2026 - Commit 5
Updated: Fri Oct  2 07:58:02 UTC 2026 - Commit 6
Updated: Fri Oct  2 07:58:03 UTC 2026 - Commit 7
Updated: Fri Oct  2 07:58:03 UTC 2026 - Commit 8
Updated: Fri Oct  2 07:58:03 UTC 2026 - Commit 9
Updated: Fri Oct  2 07:58:03 UTC 2026 - Commit 10
Updated: Fri Oct  2 07:58:03 UTC 2026 - Commit 11
Updated: Fri Oct  2 07:58:03 UTC 2026 - Commit 12
Updated: Fri Oct  2 07:58:03 UTC 2026 - Commit 13
Updated: Fri Oct  2 07:58:03 UTC 2026 - Commit 14
Updated: Fri Oct  2 07:58:03 UTC 2026 - Commit 15
Updated: Fri Oct  2 07:58:03 UTC 2026 - Commit 16
Updated: Fri Oct  2 07:58:03 UTC 2026 - Commit 17
Updated: Fri Oct  2 07:58:03 UTC 2026 - Commit 18
Updated: Fri Oct  2 07:58:03 UTC 2026 - Commit 19
Updated: Fri Oct  2 07:58:03 UTC 2026 - Commit 20
Updated: Fri Oct  2 07:58:03 UTC 2026 - Commit 21
Updated: Fri Oct  2 07:58:03 UTC 2026 - Commit 22
Updated: Fri Oct  2 07:58:03 UTC 2026 - Commit 23
Updated: Fri Oct  2 07:58:03 UTC 2026 - Commit 24
Updated: Fri Oct  2 07:58:03 UTC 2026 - Commit 25
Updated: Fri Oct  2 07:58:03 UTC 2026 - Commit 26
Updated: Fri Oct  2 07:58:03 UTC 2026 - Commit 27
Updated: Fri Oct  2 07:58:03 UTC 2026 - Commit 28
Updated: Fri Oct  2 07:58:03 UTC 2026 - Commit 29
Updated: Fri Oct  2 07:58:03 UTC 2026 - Commit 30
Updated: Fri Oct  2 07:58:03 UTC 2026 - Commit 31
Updated: Fri Oct  2 07:58:03 UTC 2026 - Commit 32
Updated: Fri Oct  2 07:58:03 UTC 2026 - Commit 33
Updated: Fri Oct  2 07:58:03 UTC 2026 - Commit 34
Updated: Fri Oct  2 07:58:03 UTC 2026 - Commit 35
Updated: Fri Oct  2 07:58:03 UTC 2026 - Commit 36
Updated: Fri Oct  2 07:58:03 UTC 2026 - Commit 37
Updated: Fri Oct  2 07:58:03 UTC 2026 - Commit 38
Updated: Fri Oct  2 07:58:03 UTC 2026 - Commit 39
Updated: Fri Oct  2 07:58:03 UTC 2026 - Commit 40
Updated: Fri Oct  2 07:58:03 UTC 2026 - Commit 41
Updated: Fri Oct  2 07:58:03 UTC 2026 - Commit 42
Updated: Fri Oct  2 07:58:03 UTC 2026 - Commit 43
Updated: Fri Oct  2 07:58:03 UTC 2026 - Commit 44
Updated: Fri Oct  2 07:58:03 UTC 2026 - Commit 45
Updated: Fri Oct  2 07:58:03 UTC 2026 - Commit 46
Updated: Fri Oct  2 07:58:03 UTC 2026 - Commit 47
Updated: Fri Oct  2 07:58:03 UTC 2026 - Commit 48
Updated: Fri Oct  2 07:58:03 UTC 2026 - Commit 49
Updated: Fri Oct  2 07:58:03 UTC 2026 - Commit 50
Updated: Sat Oct  3 07:38:08 UTC 2026 - Commit 1
Updated: Sat Oct  3 07:38:08 UTC 2026 - Commit 2
Updated: Sat Oct  3 07:38:08 UTC 2026 - Commit 3
Updated: Sat Oct  3 07:38:08 UTC 2026 - Commit 4
Updated: Sat Oct  3 07:38:08 UTC 2026 - Commit 5
Updated: Sat Oct  3 07:38:08 UTC 2026 - Commit 6
Updated: Sat Oct  3 07:38:08 UTC 2026 - Commit 7
Updated: Sat Oct  3 07:38:08 UTC 2026 - Commit 8
Updated: Sat Oct  3 07:38:08 UTC 2026 - Commit 9
Updated: Sat Oct  3 07:38:08 UTC 2026 - Commit 10
Updated: Sat Oct  3 07:38:08 UTC 2026 - Commit 11
Updated: Sat Oct  3 07:38:08 UTC 2026 - Commit 12
Updated: Sat Oct  3 07:38:08 UTC 2026 - Commit 13
Updated: Sat Oct  3 07:38:08 UTC 2026 - Commit 14
Updated: Sat Oct  3 07:38:08 UTC 2026 - Commit 15
Updated: Sat Oct  3 07:38:08 UTC 2026 - Commit 16
Updated: Sat Oct  3 07:38:08 UTC 2026 - Commit 17
Updated: Sat Oct  3 07:38:08 UTC 2026 - Commit 18
Updated: Sat Oct  3 07:38:08 UTC 2026 - Commit 19
Updated: Sat Oct  3 07:38:08 UTC 2026 - Commit 20
Updated: Sat Oct  3 07:38:08 UTC 2026 - Commit 21
Updated: Sat Oct  3 07:38:08 UTC 2026 - Commit 22
Updated: Sat Oct  3 07:38:08 UTC 2026 - Commit 23
Updated: Sat Oct  3 07:38:08 UTC 2026 - Commit 24
Updated: Sat Oct  3 07:38:08 UTC 2026 - Commit 25
Updated: Sat Oct  3 07:38:08 UTC 2026 - Commit 26
Updated: Sat Oct  3 07:38:08 UTC 2026 - Commit 27
Updated: Sat Oct  3 07:38:08 UTC 2026 - Commit 28
Updated: Sat Oct  3 07:38:08 UTC 2026 - Commit 29
Updated: Sat Oct  3 07:38:08 UTC 2026 - Commit 30
Updated: Sat Oct  3 07:38:08 UTC 2026 - Commit 31
Updated: Sat Oct  3 07:38:08 UTC 2026 - Commit 32
Updated: Sat Oct  3 07:38:08 UTC 2026 - Commit 33
Updated: Sat Oct  3 07:38:08 UTC 2026 - Commit 34
Updated: Sat Oct  3 07:38:08 UTC 2026 - Commit 35
Updated: Sat Oct  3 07:38:08 UTC 2026 - Commit 36
Updated: Sat Oct  3 07:38:08 UTC 2026 - Commit 37
Updated: Sat Oct  3 07:38:08 UTC 2026 - Commit 38
Updated: Sat Oct  3 07:38:08 UTC 2026 - Commit 39
Updated: Sat Oct  3 07:38:08 UTC 2026 - Commit 40
Updated: Sat Oct  3 07:38:08 UTC 2026 - Commit 41
Updated: Sat Oct  3 07:38:08 UTC 2026 - Commit 42
Updated: Sat Oct  3 07:38:08 UTC 2026 - Commit 43
Updated: Sat Oct  3 07:38:08 UTC 2026 - Commit 44
Updated: Sat Oct  3 07:38:08 UTC 2026 - Commit 45
Updated: Sat Oct  3 07:38:08 UTC 2026 - Commit 46
Updated: Sat Oct  3 07:38:08 UTC 2026 - Commit 47
Updated: Sat Oct  3 07:38:08 UTC 2026 - Commit 48
Updated: Sat Oct  3 07:38:08 UTC 2026 - Commit 49
Updated: Sat Oct  3 07:38:08 UTC 2026 - Commit 50
Updated: Sun Oct  4 07:48:04 UTC 2026 - Commit 1
Updated: Sun Oct  4 07:48:04 UTC 2026 - Commit 2
Updated: Sun Oct  4 07:48:04 UTC 2026 - Commit 3
Updated: Sun Oct  4 07:48:04 UTC 2026 - Commit 4
Updated: Sun Oct  4 07:48:04 UTC 2026 - Commit 5
Updated: Sun Oct  4 07:48:04 UTC 2026 - Commit 6
Updated: Sun Oct  4 07:48:04 UTC 2026 - Commit 7
Updated: Sun Oct  4 07:48:04 UTC 2026 - Commit 8
Updated: Sun Oct  4 07:48:04 UTC 2026 - Commit 9
Updated: Sun Oct  4 07:48:04 UTC 2026 - Commit 10
Updated: Sun Oct  4 07:48:04 UTC 2026 - Commit 11
Updated: Sun Oct  4 07:48:04 UTC 2026 - Commit 12
Updated: Sun Oct  4 07:48:04 UTC 2026 - Commit 13
Updated: Sun Oct  4 07:48:04 UTC 2026 - Commit 14
Updated: Sun Oct  4 07:48:04 UTC 2026 - Commit 15
Updated: Sun Oct  4 07:48:04 UTC 2026 - Commit 16
Updated: Sun Oct  4 07:48:04 UTC 2026 - Commit 17
Updated: Sun Oct  4 07:48:04 UTC 2026 - Commit 18
Updated: Sun Oct  4 07:48:04 UTC 2026 - Commit 19
Updated: Sun Oct  4 07:48:04 UTC 2026 - Commit 20
Updated: Sun Oct  4 07:48:04 UTC 2026 - Commit 21
Updated: Sun Oct  4 07:48:04 UTC 2026 - Commit 22
Updated: Sun Oct  4 07:48:04 UTC 2026 - Commit 23
Updated: Sun Oct  4 07:48:04 UTC 2026 - Commit 24
Updated: Sun Oct  4 07:48:04 UTC 2026 - Commit 25
Updated: Sun Oct  4 07:48:04 UTC 2026 - Commit 26
Updated: Sun Oct  4 07:48:04 UTC 2026 - Commit 27
Updated: Sun Oct  4 07:48:04 UTC 2026 - Commit 28
Updated: Sun Oct  4 07:48:04 UTC 2026 - Commit 29
Updated: Sun Oct  4 07:48:04 UTC 2026 - Commit 30
Updated: Sun Oct  4 07:48:04 UTC 2026 - Commit 31
Updated: Sun Oct  4 07:48:04 UTC 2026 - Commit 32
Updated: Sun Oct  4 07:48:04 UTC 2026 - Commit 33
Updated: Sun Oct  4 07:48:04 UTC 2026 - Commit 34
Updated: Sun Oct  4 07:48:04 UTC 2026 - Commit 35
Updated: Sun Oct  4 07:48:04 UTC 2026 - Commit 36
Updated: Sun Oct  4 07:48:04 UTC 2026 - Commit 37
Updated: Sun Oct  4 07:48:04 UTC 2026 - Commit 38
Updated: Sun Oct  4 07:48:04 UTC 2026 - Commit 39
Updated: Sun Oct  4 07:48:04 UTC 2026 - Commit 40
Updated: Sun Oct  4 07:48:04 UTC 2026 - Commit 41
Updated: Sun Oct  4 07:48:04 UTC 2026 - Commit 42
Updated: Sun Oct  4 07:48:04 UTC 2026 - Commit 43
Updated: Sun Oct  4 07:48:04 UTC 2026 - Commit 44
Updated: Sun Oct  4 07:48:04 UTC 2026 - Commit 45
Updated: Sun Oct  4 07:48:04 UTC 2026 - Commit 46
Updated: Sun Oct  4 07:48:04 UTC 2026 - Commit 47
Updated: Sun Oct  4 07:48:04 UTC 2026 - Commit 48
Updated: Sun Oct  4 07:48:04 UTC 2026 - Commit 49
Updated: Sun Oct  4 07:48:04 UTC 2026 - Commit 50
Updated: Mon Oct  5 08:24:45 UTC 2026 - Commit 1
Updated: Mon Oct  5 08:24:45 UTC 2026 - Commit 2
Updated: Mon Oct  5 08:24:45 UTC 2026 - Commit 3
Updated: Mon Oct  5 08:24:45 UTC 2026 - Commit 4
Updated: Mon Oct  5 08:24:45 UTC 2026 - Commit 5
Updated: Mon Oct  5 08:24:45 UTC 2026 - Commit 6
Updated: Mon Oct  5 08:24:45 UTC 2026 - Commit 7
Updated: Mon Oct  5 08:24:45 UTC 2026 - Commit 8
Updated: Mon Oct  5 08:24:45 UTC 2026 - Commit 9
Updated: Mon Oct  5 08:24:45 UTC 2026 - Commit 10
Updated: Mon Oct  5 08:24:45 UTC 2026 - Commit 11
Updated: Mon Oct  5 08:24:45 UTC 2026 - Commit 12
Updated: Mon Oct  5 08:24:45 UTC 2026 - Commit 13
Updated: Mon Oct  5 08:24:45 UTC 2026 - Commit 14
Updated: Mon Oct  5 08:24:45 UTC 2026 - Commit 15
Updated: Mon Oct  5 08:24:45 UTC 2026 - Commit 16
Updated: Mon Oct  5 08:24:45 UTC 2026 - Commit 17
Updated: Mon Oct  5 08:24:45 UTC 2026 - Commit 18
Updated: Mon Oct  5 08:24:45 UTC 2026 - Commit 19
Updated: Mon Oct  5 08:24:45 UTC 2026 - Commit 20
Updated: Mon Oct  5 08:24:45 UTC 2026 - Commit 21
Updated: Mon Oct  5 08:24:45 UTC 2026 - Commit 22
Updated: Mon Oct  5 08:24:45 UTC 2026 - Commit 23
Updated: Mon Oct  5 08:24:45 UTC 2026 - Commit 24
Updated: Mon Oct  5 08:24:45 UTC 2026 - Commit 25
Updated: Mon Oct  5 08:24:45 UTC 2026 - Commit 26
Updated: Mon Oct  5 08:24:45 UTC 2026 - Commit 27
Updated: Mon Oct  5 08:24:45 UTC 2026 - Commit 28
Updated: Mon Oct  5 08:24:45 UTC 2026 - Commit 29
Updated: Mon Oct  5 08:24:45 UTC 2026 - Commit 30
Updated: Mon Oct  5 08:24:45 UTC 2026 - Commit 31
Updated: Mon Oct  5 08:24:45 UTC 2026 - Commit 32
Updated: Mon Oct  5 08:24:45 UTC 2026 - Commit 33
Updated: Mon Oct  5 08:24:45 UTC 2026 - Commit 34
Updated: Mon Oct  5 08:24:45 UTC 2026 - Commit 35
Updated: Mon Oct  5 08:24:45 UTC 2026 - Commit 36
Updated: Mon Oct  5 08:24:45 UTC 2026 - Commit 37
Updated: Mon Oct  5 08:24:45 UTC 2026 - Commit 38
Updated: Mon Oct  5 08:24:45 UTC 2026 - Commit 39
Updated: Mon Oct  5 08:24:45 UTC 2026 - Commit 40
Updated: Mon Oct  5 08:24:45 UTC 2026 - Commit 41
Updated: Mon Oct  5 08:24:45 UTC 2026 - Commit 42
Updated: Mon Oct  5 08:24:45 UTC 2026 - Commit 43
Updated: Mon Oct  5 08:24:45 UTC 2026 - Commit 44
Updated: Mon Oct  5 08:24:45 UTC 2026 - Commit 45
Updated: Mon Oct  5 08:24:45 UTC 2026 - Commit 46
Updated: Mon Oct  5 08:24:45 UTC 2026 - Commit 47
Updated: Mon Oct  5 08:24:45 UTC 2026 - Commit 48
Updated: Mon Oct  5 08:24:45 UTC 2026 - Commit 49
Updated: Mon Oct  5 08:24:45 UTC 2026 - Commit 50
Updated: Tue Oct  6 08:35:55 UTC 2026 - Commit 1
Updated: Tue Oct  6 08:35:55 UTC 2026 - Commit 2
Updated: Tue Oct  6 08:35:55 UTC 2026 - Commit 3
Updated: Tue Oct  6 08:35:55 UTC 2026 - Commit 4
Updated: Tue Oct  6 08:35:55 UTC 2026 - Commit 5
Updated: Tue Oct  6 08:35:55 UTC 2026 - Commit 6
Updated: Tue Oct  6 08:35:55 UTC 2026 - Commit 7
Updated: Tue Oct  6 08:35:55 UTC 2026 - Commit 8
Updated: Tue Oct  6 08:35:55 UTC 2026 - Commit 9
Updated: Tue Oct  6 08:35:55 UTC 2026 - Commit 10
Updated: Tue Oct  6 08:35:55 UTC 2026 - Commit 11
Updated: Tue Oct  6 08:35:55 UTC 2026 - Commit 12
Updated: Tue Oct  6 08:35:55 UTC 2026 - Commit 13
Updated: Tue Oct  6 08:35:55 UTC 2026 - Commit 14
Updated: Tue Oct  6 08:35:55 UTC 2026 - Commit 15
Updated: Tue Oct  6 08:35:55 UTC 2026 - Commit 16
Updated: Tue Oct  6 08:35:55 UTC 2026 - Commit 17
Updated: Tue Oct  6 08:35:55 UTC 2026 - Commit 18
Updated: Tue Oct  6 08:35:55 UTC 2026 - Commit 19
Updated: Tue Oct  6 08:35:55 UTC 2026 - Commit 20
Updated: Tue Oct  6 08:35:55 UTC 2026 - Commit 21
Updated: Tue Oct  6 08:35:55 UTC 2026 - Commit 22
Updated: Tue Oct  6 08:35:55 UTC 2026 - Commit 23
Updated: Tue Oct  6 08:35:55 UTC 2026 - Commit 24
Updated: Tue Oct  6 08:35:55 UTC 2026 - Commit 25
Updated: Tue Oct  6 08:35:55 UTC 2026 - Commit 26
Updated: Tue Oct  6 08:35:55 UTC 2026 - Commit 27
Updated: Tue Oct  6 08:35:55 UTC 2026 - Commit 28
Updated: Tue Oct  6 08:35:56 UTC 2026 - Commit 29
Updated: Tue Oct  6 08:35:56 UTC 2026 - Commit 30
Updated: Tue Oct  6 08:35:56 UTC 2026 - Commit 31
Updated: Tue Oct  6 08:35:56 UTC 2026 - Commit 32
Updated: Tue Oct  6 08:35:56 UTC 2026 - Commit 33
Updated: Tue Oct  6 08:35:56 UTC 2026 - Commit 34
Updated: Tue Oct  6 08:35:56 UTC 2026 - Commit 35
Updated: Tue Oct  6 08:35:56 UTC 2026 - Commit 36
Updated: Tue Oct  6 08:35:56 UTC 2026 - Commit 37
Updated: Tue Oct  6 08:35:56 UTC 2026 - Commit 38
Updated: Tue Oct  6 08:35:56 UTC 2026 - Commit 39
Updated: Tue Oct  6 08:35:56 UTC 2026 - Commit 40
Updated: Tue Oct  6 08:35:56 UTC 2026 - Commit 41
Updated: Tue Oct  6 08:35:56 UTC 2026 - Commit 42
Updated: Tue Oct  6 08:35:56 UTC 2026 - Commit 43
Updated: Tue Oct  6 08:35:56 UTC 2026 - Commit 44
Updated: Tue Oct  6 08:35:56 UTC 2026 - Commit 45
Updated: Tue Oct  6 08:35:56 UTC 2026 - Commit 46
Updated: Tue Oct  6 08:35:56 UTC 2026 - Commit 47
Updated: Tue Oct  6 08:35:56 UTC 2026 - Commit 48
Updated: Tue Oct  6 08:35:56 UTC 2026 - Commit 49
Updated: Tue Oct  6 08:35:56 UTC 2026 - Commit 50
Updated: Wed Oct  7 08:11:28 UTC 2026 - Commit 1
Updated: Wed Oct  7 08:11:28 UTC 2026 - Commit 2
Updated: Wed Oct  7 08:11:28 UTC 2026 - Commit 3
Updated: Wed Oct  7 08:11:28 UTC 2026 - Commit 4
Updated: Wed Oct  7 08:11:28 UTC 2026 - Commit 5
Updated: Wed Oct  7 08:11:28 UTC 2026 - Commit 6
Updated: Wed Oct  7 08:11:28 UTC 2026 - Commit 7
Updated: Wed Oct  7 08:11:28 UTC 2026 - Commit 8
Updated: Wed Oct  7 08:11:28 UTC 2026 - Commit 9
Updated: Wed Oct  7 08:11:28 UTC 2026 - Commit 10
Updated: Wed Oct  7 08:11:28 UTC 2026 - Commit 11
Updated: Wed Oct  7 08:11:28 UTC 2026 - Commit 12
Updated: Wed Oct  7 08:11:28 UTC 2026 - Commit 13
Updated: Wed Oct  7 08:11:28 UTC 2026 - Commit 14
Updated: Wed Oct  7 08:11:28 UTC 2026 - Commit 15
Updated: Wed Oct  7 08:11:28 UTC 2026 - Commit 16
Updated: Wed Oct  7 08:11:28 UTC 2026 - Commit 17
Updated: Wed Oct  7 08:11:28 UTC 2026 - Commit 18
Updated: Wed Oct  7 08:11:28 UTC 2026 - Commit 19
Updated: Wed Oct  7 08:11:28 UTC 2026 - Commit 20
Updated: Wed Oct  7 08:11:28 UTC 2026 - Commit 21
Updated: Wed Oct  7 08:11:28 UTC 2026 - Commit 22
Updated: Wed Oct  7 08:11:28 UTC 2026 - Commit 23
Updated: Wed Oct  7 08:11:28 UTC 2026 - Commit 24
Updated: Wed Oct  7 08:11:28 UTC 2026 - Commit 25
Updated: Wed Oct  7 08:11:28 UTC 2026 - Commit 26
Updated: Wed Oct  7 08:11:28 UTC 2026 - Commit 27
Updated: Wed Oct  7 08:11:28 UTC 2026 - Commit 28
Updated: Wed Oct  7 08:11:28 UTC 2026 - Commit 29
Updated: Wed Oct  7 08:11:28 UTC 2026 - Commit 30
Updated: Wed Oct  7 08:11:28 UTC 2026 - Commit 31
Updated: Wed Oct  7 08:11:28 UTC 2026 - Commit 32
Updated: Wed Oct  7 08:11:28 UTC 2026 - Commit 33
Updated: Wed Oct  7 08:11:28 UTC 2026 - Commit 34
Updated: Wed Oct  7 08:11:28 UTC 2026 - Commit 35
Updated: Wed Oct  7 08:11:28 UTC 2026 - Commit 36
Updated: Wed Oct  7 08:11:28 UTC 2026 - Commit 37
Updated: Wed Oct  7 08:11:28 UTC 2026 - Commit 38
Updated: Wed Oct  7 08:11:28 UTC 2026 - Commit 39
Updated: Wed Oct  7 08:11:28 UTC 2026 - Commit 40
Updated: Wed Oct  7 08:11:28 UTC 2026 - Commit 41
Updated: Wed Oct  7 08:11:28 UTC 2026 - Commit 42
Updated: Wed Oct  7 08:11:28 UTC 2026 - Commit 43
Updated: Wed Oct  7 08:11:28 UTC 2026 - Commit 44
Updated: Wed Oct  7 08:11:28 UTC 2026 - Commit 45
Updated: Wed Oct  7 08:11:28 UTC 2026 - Commit 46
Updated: Wed Oct  7 08:11:28 UTC 2026 - Commit 47
Updated: Wed Oct  7 08:11:28 UTC 2026 - Commit 48
Updated: Wed Oct  7 08:11:28 UTC 2026 - Commit 49
